<script type="text/javascript" src="http://kalastatic-kalatheme.at.kalamuna.com/sites/all/modules/contrib/jquery_update/replace/jquery/1.7/jquery.min.js?v=1.7.2"></script>
<script type="text/javascript" src="http://kalastatic-kalatheme.at.kalamuna.com/misc/jquery.once.js?v=1.2"></script>
<script type="text/javascript" src="http://kalastatic-kalatheme.at.kalamuna.com/misc/drupal.js?ny2uxz"></script>
<script type="text/javascript" src="http://kalastatic-kalatheme.at.kalamuna.com/sites/all/modules/contrib/jquery_update/replace/ui/ui/minified/jquery.ui.core.min.js?v=1.10.2"></script>
<script type="text/javascript" src="http://kalastatic-kalatheme.at.kalamuna.com/sites/all/modules/contrib/jquery_update/replace/ui/ui/minified/jquery.ui.widget.min.js?v=1.10.2"></script>
<script type="text/javascript" src="http://kalastatic-kalatheme.at.kalamuna.com/sites/all/modules/contrib/jquery_update/replace/ui/ui/minified/jquery.ui.tabs.min.js?v=1.10.2"></script>
<script type="text/javascript" src="http://kalastatic-kalatheme.at.kalamuna.com/sites/all/modules/contrib/jquery_update/replace/ui/ui/minified/jquery.ui.accordion.min.js?v=1.10.2"></script>
<script type="text/javascript" src="http://kalastatic-kalatheme.at.kalamuna.com/profiles/panopoly/modules/panopoly/panopoly_images/panopoly-images.js?ny2uxz"></script>
<script type="text/javascript" src="http://kalastatic-kalatheme.at.kalamuna.com/profiles/panopoly/modules/panopoly/panopoly_admin/panopoly-admin.js?ny2uxz"></script>
<script type="text/javascript" src="http://kalastatic-kalatheme.at.kalamuna.com/profiles/panopoly/modules/panopoly/panopoly_magic/panopoly-magic.js?ny2uxz"></script>
<script type="text/javascript" src="http://kalastatic-kalatheme.at.kalamuna.com/profiles/panopoly/modules/panopoly/panopoly_theme/js/panopoly-accordion.js?ny2uxz"></script>
<script type="text/javascript" src="http://kalastatic-kalatheme.at.kalamuna.com/profiles/panopoly/libraries/jquery.imagesloaded/jquery.imagesloaded.min.js?ny2uxz"></script>
<script type="text/javascript">
<!--//--><![CDATA[//><!--
jQuery.extend(Drupal.settings, {"basePath":"\/","pathPrefix":"","ajaxPageState":{"theme":"kt_sub","theme_token":"cOiUv1kiiEn6L0nWHKADZAhd1QBAPn7nNXMm8oqlXkI","js":{"sites\/all\/modules\/contrib\/jquery_update\/replace\/jquery\/1.7\/jquery.min.js":1,"misc\/jquery.once.js":1,"misc\/drupal.js":1,"sites\/all\/modules\/contrib\/jquery_update\/replace\/ui\/ui\/minified\/jquery.ui.core.min.js":1,"sites\/all\/modules\/contrib\/jquery_update\/replace\/ui\/ui\/minified\/jquery.ui.widget.min.js":1,"sites\/all\/modules\/contrib\/jquery_update\/replace\/ui\/ui\/minified\/jquery.ui.tabs.min.js":1,"sites\/all\/modules\/contrib\/jquery_update\/replace\/ui\/ui\/minified\/jquery.ui.accordion.min.js":1,"profiles\/panopoly\/modules\/panopoly\/panopoly_images\/panopoly-images.js":1,"profiles\/panopoly\/modules\/panopoly\/panopoly_admin\/panopoly-admin.js":1,"profiles\/panopoly\/modules\/panopoly\/panopoly_magic\/panopoly-magic.js":1,"profiles\/panopoly\/modules\/panopoly\/panopoly_theme\/js\/panopoly-accordion.js":1,"profiles\/panopoly\/libraries\/jquery.imagesloaded\/jquery.imagesloaded.min.js":1}},"CToolsModal":{"modalSize":{"type":"scale","width":".9","height":".9","addWidth":0,"addHeight":0,"contentRight":25,"contentBottom":75},"modalOptions":{"opacity":".55","background-color":"#FFF"},"animationSpeed":"fast","modalTheme":"CToolsModalDialog","throbberTheme":"CToolsModalThrobber"},"panopoly_magic":{"pane_add_preview_mode":"automatic"}});
//--><!]]>
</script>
