<style type="text/css" media="all">
@import url("http://kalastatic-kalatheme.at.kalamuna.com/modules/system/system.base.css?ny2uxz");
@import url("http://kalastatic-kalatheme.at.kalamuna.com/modules/system/system.messages.css?ny2uxz");
@import url("http://kalastatic-kalatheme.at.kalamuna.com/modules/system/system.theme.css?ny2uxz");
</style>
<style type="text/css" media="all">
@import url("http://kalastatic-kalatheme.at.kalamuna.com/profiles/panopoly/modules/panopoly/panopoly_core/css/panopoly-jquery-ui-theme.css?ny2uxz");
@import url("http://kalastatic-kalatheme.at.kalamuna.com/sites/all/modules/contrib/jquery_update/replace/ui/themes/base/minified/jquery.ui.accordion.min.css?ny2uxz");
</style>
<style type="text/css" media="all">
@import url("http://kalastatic-kalatheme.at.kalamuna.com/profiles/panopoly/modules/contrib/date/date_api/date.css?ny2uxz");
@import url("http://kalastatic-kalatheme.at.kalamuna.com/profiles/panopoly/modules/contrib/date/date_popup/themes/datepicker.1.7.css?ny2uxz");
@import url("http://kalastatic-kalatheme.at.kalamuna.com/modules/field/theme/field.css?ny2uxz");
@import url("http://kalastatic-kalatheme.at.kalamuna.com/modules/node/node.css?ny2uxz");
@import url("http://kalastatic-kalatheme.at.kalamuna.com/profiles/panopoly/modules/panopoly/panopoly_admin/panopoly-admin-navbar.css?ny2uxz");
@import url("http://kalastatic-kalatheme.at.kalamuna.com/profiles/panopoly/modules/panopoly/panopoly_core/css/panopoly-dropbutton.css?ny2uxz");
@import url("http://kalastatic-kalatheme.at.kalamuna.com/sites/all/modules/contrib/panopoly_demo/panopoly_demo.css?ny2uxz");
@import url("http://kalastatic-kalatheme.at.kalamuna.com/profiles/panopoly/modules/panopoly/panopoly_magic/css/panopoly-magic.css?ny2uxz");
@import url("http://kalastatic-kalatheme.at.kalamuna.com/profiles/panopoly/modules/panopoly/panopoly_theme/css/panopoly-featured.css?ny2uxz");
@import url("http://kalastatic-kalatheme.at.kalamuna.com/profiles/panopoly/modules/panopoly/panopoly_theme/css/panopoly-accordian.css?ny2uxz");
@import url("http://kalastatic-kalatheme.at.kalamuna.com/profiles/panopoly/modules/panopoly/panopoly_theme/css/panopoly-layouts.css?ny2uxz");
@import url("http://kalastatic-kalatheme.at.kalamuna.com/profiles/panopoly/modules/panopoly/panopoly_widgets/panopoly-widgets.css?ny2uxz");
@import url("http://kalastatic-kalatheme.at.kalamuna.com/profiles/panopoly/modules/panopoly/panopoly_widgets/panopoly-widgets-spotlight.css?ny2uxz");
@import url("http://kalastatic-kalatheme.at.kalamuna.com/profiles/panopoly/modules/panopoly/panopoly_wysiwyg/panopoly-wysiwyg.css?ny2uxz");
@import url("http://kalastatic-kalatheme.at.kalamuna.com/profiles/panopoly/modules/contrib/radix_layouts/radix_layouts.css?ny2uxz");
@import url("http://kalastatic-kalatheme.at.kalamuna.com/modules/search/search.css?ny2uxz");
@import url("http://kalastatic-kalatheme.at.kalamuna.com/modules/user/user.css?ny2uxz");
@import url("http://kalastatic-kalatheme.at.kalamuna.com/profiles/panopoly/modules/contrib/views/css/views.css?ny2uxz");
</style>
<style type="text/css" media="all">
@import url("http://kalastatic-kalatheme.at.kalamuna.com/profiles/panopoly/modules/contrib/ctools/css/ctools.css?ny2uxz");
@import url("http://kalastatic-kalatheme.at.kalamuna.com/profiles/panopoly/modules/contrib/panels/css/panels.css?ny2uxz");
</style>
<style type="text/css" media="screen">
@import url("http://kalastatic-kalatheme.at.kalamuna.com/sites/all/themes/kalatheme/css/tweaks.css?ny2uxz");
@import url("http://kalastatic-kalatheme.at.kalamuna.com/sites/all/themes/kalatheme/css/panopoly.css?ny2uxz");
</style>
<style type="text/css" media="all">
@import url("http://kalastatic-kalatheme.at.kalamuna.com/sites/all/themes/kt_sub/kalastatic/build/styles/main.css?ny2uxz");
@import url("http://kalastatic-kalatheme.at.kalamuna.com/sites/all/themes/kt_sub/css/kt_sub.css?ny2uxz");
</style>
<style type="text/css" media="all">
@import url("http://kalastatic-kalatheme.at.kalamuna.com/profiles/panopoly/modules/panopoly/panopoly_images/panopoly-images.css?ny2uxz");
</style>
